app/(admin-drawer)/_layout.tsx(58,86): error TS2345: Argument of type '"/(shared)/faq"' is not assignable to parameter of type 'RelativePathString | ExternalPathString | "/" | `/?${string}` | `/#${string}` | "/login" | `/login?${string}` | `/login#${string}` | "/_sitemap" | `/_sitemap?${string}` | `/_sitemap#${string}` | ... 297 more ... | { ...; }'.
app/(admin-drawer)/admin-datesheet.tsx(51,32): error TS2339: Property 'EncodingType' does not exist on type 'typeof import("C:/Users/gaura/OneDrive/Desktop/MySchool/node_modules/expo-file-system/build/index")'.
app/(drawer)/_layout.tsx(57,38): error TS2345: Argument of type '"/(shared)/faq"' is not assignable to parameter of type 'RelativePathString | ExternalPathString | "/" | `/?${string}` | `/#${string}` | "/login" | `/login?${string}` | `/login#${string}` | "/_sitemap" | `/_sitemap?${string}` | `/_sitemap#${string}` | ... 297 more ... | { ...; }'.
app/(parent-drawer)/_layout.tsx(68,86): error TS2345: Argument of type '"/(shared)/faq"' is not assignable to parameter of type 'RelativePathString | ExternalPathString | "/" | `/?${string}` | `/#${string}` | "/login" | `/login?${string}` | `/login#${string}` | "/_sitemap" | `/_sitemap?${string}` | `/_sitemap#${string}` | ... 297 more ... | { ...; }'.
app/(teacher)/add-homework.tsx(194,34): error TS2339: Property 'EncodingType' does not exist on type 'typeof import("C:/Users/gaura/OneDrive/Desktop/MySchool/node_modules/expo-file-system/build/index")'.
app/(teacher)/apply-leave.tsx(215,32): error TS2339: Property 'EncodingType' does not exist on type 'typeof import("C:/Users/gaura/OneDrive/Desktop/MySchool/node_modules/expo-file-system/build/index")'.
src/utils/fileUpload.ts(19,28): error TS2339: Property 'EncodingType' does not exist on type 'typeof import("C:/Users/gaura/OneDrive/Desktop/MySchool/node_modules/expo-file-system/build/index")'.
